
Memory Configuration

Name             Origin             Length             Attributes
flash            0x08000000         0x00020000         xr
sram             0x20000000         0x00005000         xrw
*default*        0x00000000         0xffffffff

Linker script and memory map


.text           0x08000000       0xe0
 *(.vectors*)
 .vectors       0x08000000       0x1c startup.o
                0x08000000                vectors
 *(.text*)
 .text          0x0800001c       0x7c main.o
                0x0800001c                main
 .text          0x08000098       0x48 startup.o
                0x08000098                Reset_Handler
                0x080000a4                NMI_Handler
                0x080000b0                H_fault_Handler
                0x080000bc                MM_Fault_Handler
                0x080000c8                Bus_Fault
                0x080000d4                Usage_Fault_Handler
 *(.rodata)

.data           0x080000e0        0x4
 .data          0x080000e0        0x4 main.o
                0x080000e0                R_ODR
 .data          0x080000e4        0x0 startup.o

.igot.plt       0x080000e4        0x0
 .igot.plt      0x080000e4        0x0 main.o

.glue_7         0x080000e4        0x0
 .glue_7        0x080000e4        0x0 linker stubs

.glue_7t        0x080000e4        0x0
 .glue_7t       0x080000e4        0x0 linker stubs

.vfp11_veneer   0x080000e4        0x0
 .vfp11_veneer  0x080000e4        0x0 linker stubs

.v4_bx          0x080000e4        0x0
 .v4_bx         0x080000e4        0x0 linker stubs

.iplt           0x080000e4        0x0
 .iplt          0x080000e4        0x0 main.o

.rel.dyn        0x080000e4        0x0
 .rel.iplt      0x080000e4        0x0 main.o

.bss            0x20000000        0x0
 *(.bss)
 .bss           0x20000000        0x0 main.o
 .bss           0x20000000        0x0 startup.o
LOAD main.o
LOAD startup.o
OUTPUT(Learn-in-depth-Mostafa.elf elf32-littlearm)

.debug_info     0x00000000      0xb74
 .debug_info    0x00000000      0xa42 main.o
 .debug_info    0x00000a42      0x132 startup.o

.debug_abbrev   0x00000000      0x273
 .debug_abbrev  0x00000000      0x1d7 main.o
 .debug_abbrev  0x000001d7       0x9c startup.o

.debug_loc      0x00000000      0x140
 .debug_loc     0x00000000       0x38 main.o
 .debug_loc     0x00000038      0x108 startup.o

.debug_aranges  0x00000000       0x40
 .debug_aranges
                0x00000000       0x20 main.o
 .debug_aranges
                0x00000020       0x20 startup.o

.debug_line     0x00000000      0x25c
 .debug_line    0x00000000      0x13d main.o
 .debug_line    0x0000013d      0x11f startup.o

.debug_str      0x00000000      0x547
 .debug_str     0x00000000      0x4d1 main.o
                                0x529 (size before relaxing)
 .debug_str     0x000004d1       0x76 startup.o
                                0x184 (size before relaxing)

.comment        0x00000000       0x7e
 .comment       0x00000000       0x7e main.o
                                 0x7f (size before relaxing)
 .comment       0x0000007e       0x7f startup.o

.ARM.attributes
                0x00000000       0x33
 .ARM.attributes
                0x00000000       0x33 main.o
 .ARM.attributes
                0x00000033       0x33 startup.o

.debug_frame    0x00000000       0xe4
 .debug_frame   0x00000000       0x2c main.o
 .debug_frame   0x0000002c       0xb8 startup.o
